package test

import android.widget.LinearLayout
import android.view.View
import pl.ghostbuster.grooid.*

class FirstCase {

    public final LinearLayout someLinearLayoutId


    public FirstCase(View itemView){
          someLinearLayoutId = (LinearLayout) itemView.findViewById(R.id.some_linear_layout_id)
    }
}
